demo.fcfg	rule	Demo[sem=<?s>] -> List[sem=<?s>]	Demo[sem=<?s>] -> List[sem=<?s>]
demo.fcfg	rule	List[sem=<(?s1 ∧ ?s2)>] -> Elem[sem=<?s1>] List[sem=<?s2>]	List[sem=<(?s1 ∧ ?s2)>] -> Elem[sem=<?s1>] List[sem=<?s2>]
demo.fcfg	rule	List[sem=<?s>] -> Elem[sem=<?s>]	List[sem=<?s>] -> Elem[sem=<?s>]
demo.fcfg	lex	dog	Elem[sem=<dog>]	Elem[sem=<dog>]
demo.fcfg	lex	cat	Elem[sem=<cat>]	Elem[sem=<cat>]
patio.fcfg	rule	S[sem=<?subj(?vp)>] -> NP[sem=<?subj>] VP[sem=<?vp>]	S[sem=<?subj(?vp)>] -> NP[sem=<?subj>] VP[sem=<?vp>]
patio.fcfg	rule	NP[sem=<?det(?nbar)>] -> Det[sem=<?det>] NBAR[sem=<?nbar>]	NP[sem=<?det(?nbar)>] -> Det[sem=<?det>] NBAR[sem=<?nbar>]
patio.fcfg	rule	NP[sem=<?pn>] -> Pn[sem=<?pn>]	NP[sem=<?pn>] -> Pn[sem=<?pn>]
patio.fcfg	rule	NBAR[sem=?n] -> N[sem=?n]	NBAR[sem=?n] -> N[sem=?n]
patio.fcfg	rule	VP[sem=<?v(?obj)>] -> Tvb[sem=<?v>] NP[sem=<?obj>]	VP[sem=<?v(?obj)>] -> Tvb[sem=<?v>] NP[sem=<?obj>]
patio.fcfg	lex	umbrella	N[sem=<λ.(product_type(umbrella, v:1))>]	N[sem=<λ.(product_type(umbrella, v:1))>]
patio.fcfg	lex	need	Tvb[sem=<λ.(λ.(v:2(λ.(need(v:2, v:1)))))>]	Tvb[sem=<λ.(λ.(v:2(λ.(need(v:2, v:1)))))>]
patio.fcfg	lex	want	Tvb[sem=<λ.(λ.(v:2(λ.(need(v:2, v:1)))))>]	Tvb[sem=<λ.(λ.(v:2(λ.(need(v:2, v:1)))))>]
patio.fcfg	lex	I	Pn[sem=<λ.(v:1(speaker))>]	Pn[sem=<λ.(v:1(speaker))>]
patio.fcfg	lex	an	Det[sem=<λ.(λ.(∃.((v:2(q:1) ∧ v:1(q:1)))))>]	Det[sem=<λ.(λ.(∃.((v:2(q:1) ∧ v:1(q:1)))))>]
patio.fcfg	lex	a	Det[sem=<λ.(λ.(∃.((v:2(q:1) ∧ v:1(q:1)))))>]	Det[sem=<λ.(λ.(∃.((v:2(q:1) ∧ v:1(q:1)))))>]
sem2.fcfg	rule	S[sem=<?subj(?vp)>] -> NP[num=?n, sem=<?subj>] VP[num=?n, sem=<?vp>]	S[sem=<?subj(?vp)>] -> NP[num=?n, sem=<?subj>] VP[num=?n, sem=<?vp>]
sem2.fcfg	rule	NP[num=?n, sem=<?det(?nom)>] -> Det[num=?n, sem=<?det>] Nom[num=?n, sem=<?nom>]	NP[num=?n, sem=<?det(?nom)>] -> Det[num=?n, sem=<?det>] Nom[num=?n, sem=<?nom>]
sem2.fcfg	rule	NP[loc=?l, num=?n, sem=<?np>] -> PropN[loc=?l, num=?n, sem=<?np>]	NP[loc=?l, num=?n, sem=<?np>] -> PropN[loc=?l, num=?n, sem=<?np>]
sem2.fcfg	rule	Nom[num=?n, sem=<?nom>] -> N[num=?n, sem=<?nom>]	Nom[num=?n, sem=<?nom>] -> N[num=?n, sem=<?nom>]
sem2.fcfg	rule	Nom[num=?n, sem=<?pp(?nom)>] -> N[num=?n, sem=<?nom>] PP[sem=<?pp>]	Nom[num=?n, sem=<?pp(?nom)>] -> N[num=?n, sem=<?nom>] PP[sem=<?pp>]
sem2.fcfg	rule	VP[num=?n, sem=<?v(?obj)>] -> TV[num=?n, sem=<?v>] NP[sem=<?obj>]	VP[num=?n, sem=<?v(?obj)>] -> TV[num=?n, sem=<?v>] NP[sem=<?obj>]
sem2.fcfg	rule	VP[num=?n, sem=<?v>] -> IV[num=?n, sem=<?v>]	VP[num=?n, sem=<?v>] -> IV[num=?n, sem=<?v>]
sem2.fcfg	rule	VP[num=?n, sem=<?pp(?vp)>] -> VP[num=?n, sem=<?vp>] PP[sem=<?pp>]	VP[num=?n, sem=<?pp(?vp)>] -> VP[num=?n, sem=<?vp>] PP[sem=<?pp>]
sem2.fcfg	rule	PP[sem=<?p(?np)>] -> P[loc=?l, sem=<?p>] NP[loc=?l, sem=<?np>]	PP[sem=<?p(?np)>] -> P[loc=?l, sem=<?p>] NP[loc=?l, sem=<?np>]
sem2.fcfg	lex	John	PropN[num=sg, sem=<λ.(v:1(john))>, loc=false]	PropN[num=sg, sem=<λ.(v:1(john))>, loc=false]
sem2.fcfg	lex	Mary	PropN[num=sg, sem=<λ.(v:1(mary))>, loc=false]	PropN[num=sg, sem=<λ.(v:1(mary))>, loc=false]
sem2.fcfg	lex	Suzie	PropN[num=sg, sem=<λ.(v:1(suzie))>, loc=false]	PropN[num=sg, sem=<λ.(v:1(suzie))>, loc=false]
sem2.fcfg	lex	Fido	PropN[num=sg, sem=<λ.(v:1(fido))>, loc=false]	PropN[num=sg, sem=<λ.(v:1(fido))>, loc=false]
sem2.fcfg	lex	Noosa	PropN[num=sg, sem=<λ.(v:1(noosa))>, loc=true]	PropN[num=sg, sem=<λ.(v:1(noosa))>, loc=true]
sem2.fcfg	lex	who	NP[num=sg, sem=<λ.(λ.(v:2(v:1)))>, loc=false]	NP[num=sg, sem=<λ.(λ.(v:2(v:1)))>, loc=false]
sem2.fcfg	lex	every	Det[num=sg, sem=<λ.(λ.(∀.(Implies(e1=v:2(q:1), e2=v:1(q:1)))))>]	Det[num=sg, sem=<λ.(λ.(∀.(Implies(e1=v:2(q:1), e2=v:1(q:1)))))>]
sem2.fcfg	lex	all	Det[num=pl, sem=<λ.(λ.(∀.(Implies(e1=v:2(q:1), e2=v:1(q:1)))))>]	Det[num=pl, sem=<λ.(λ.(∀.(Implies(e1=v:2(q:1), e2=v:1(q:1)))))>]
sem2.fcfg	lex	some	Det[sem=<λ.(λ.(∃.((v:2(q:1) ∧ v:1(q:1)))))>]	Det[sem=<λ.(λ.(∃.((v:2(q:1) ∧ v:1(q:1)))))>]
sem2.fcfg	lex	a	Det[num=sg, sem=<λ.(λ.(∃.((v:2(q:1) ∧ v:1(q:1)))))>]	Det[num=sg, sem=<λ.(λ.(∃.((v:2(q:1) ∧ v:1(q:1)))))>]
sem2.fcfg	lex	boy	N[num=sg, sem=<λ.(boy(v:1))>]	N[num=sg, sem=<λ.(boy(v:1))>]
sem2.fcfg	lex	boys	N[num=pl, sem=<λ.(boy(v:1))>]	N[num=pl, sem=<λ.(boy(v:1))>]
sem2.fcfg	lex	girl	N[num=sg, sem=<λ.(girl(v:1))>]	N[num=sg, sem=<λ.(girl(v:1))>]
sem2.fcfg	lex	girls	N[num=pl, sem=<λ.(girl(v:1))>]	N[num=pl, sem=<λ.(girl(v:1))>]
sem2.fcfg	lex	dog	N[num=sg, sem=<λ.(dog(v:1))>]	N[num=sg, sem=<λ.(dog(v:1))>]
sem2.fcfg	lex	dogs	N[num=pl, sem=<λ.(dog(v:1))>]	N[num=pl, sem=<λ.(dog(v:1))>]
sem2.fcfg	lex	chases	TV[num=sg, sem=<λ.(λ.(v:2(λ.(chase(v:2, v:1)))))>, tns=pres]	TV[num=sg, sem=<λ.(λ.(v:2(λ.(chase(v:2, v:1)))))>, tns=pres]
sem2.fcfg	lex	chase	TV[num=pl, sem=<λ.(λ.(v:2(λ.(chase(v:2, v:1)))))>, tns=pres]	TV[num=pl, sem=<λ.(λ.(v:2(λ.(chase(v:2, v:1)))))>, tns=pres]
sem2.fcfg	lex	sees	TV[num=sg, sem=<λ.(λ.(v:2(λ.(see(v:2, v:1)))))>, tns=pres]	TV[num=sg, sem=<λ.(λ.(v:2(λ.(see(v:2, v:1)))))>, tns=pres]
sem2.fcfg	lex	see	TV[num=pl, sem=<λ.(λ.(v:2(λ.(see(v:2, v:1)))))>, tns=pres]	TV[num=pl, sem=<λ.(λ.(v:2(λ.(see(v:2, v:1)))))>, tns=pres]
sem2.fcfg	lex	barks	IV[num=sg, sem=<λ.(bark(v:1))>, tns=pres]	IV[num=sg, sem=<λ.(bark(v:1))>, tns=pres]
sem2.fcfg	lex	bark	IV[num=pl, sem=<λ.(bark(v:1))>, tns=pres]	IV[num=pl, sem=<λ.(bark(v:1))>, tns=pres]
sem2.fcfg	lex	walks	IV[num=sg, sem=<λ.(walk(v:1))>, tns=pres]	IV[num=sg, sem=<λ.(walk(v:1))>, tns=pres]
sem2.fcfg	lex	walk	IV[num=pl, sem=<λ.(walk(v:1))>, tns=pres]	IV[num=pl, sem=<λ.(walk(v:1))>, tns=pres]
sem2.fcfg	lex	in	P[sem=<λ.(λ.(λ.(v:3(λ.((v:3(v:2) ∧ in(v:2, v:1)))))))>, loc=true]	P[sem=<λ.(λ.(λ.(v:3(λ.((v:3(v:2) ∧ in(v:2, v:1)))))))>, loc=true]
sem2.fcfg	lex	with	P[sem=<λ.(λ.(λ.(v:3(λ.((v:3(v:2) ∧ with(v:2, v:1)))))))>, loc=false]	P[sem=<λ.(λ.(λ.(v:3(λ.((v:3(v:2) ∧ with(v:2, v:1)))))))>, loc=false]
tiny.cfg	rule	S[num=?n, sem=<?vp(?np)>] -> Np[sem=<?np>, num=?n] Vp[sem=<?vp>, num=?n]	S[num=?n, sem=<?vp(?np)>] -> Np[sem=<?np>, num=?n] Vp[sem=<?vp>, num=?n]
tiny.cfg	rule	Np[sem=<(?np1 ∧ ?np2)>, num=pl] -> Np[sem=<?np1>] Conj[type=and] Np[sem=<?np2>]	Np[sem=<(?np1 ∧ ?np2)>, num=pl] -> Np[sem=<?np1>] Conj[type=and] Np[sem=<?np2>]
tiny.cfg	rule	Np[sem=<(?np1 ∨ ?np2)>, num=?n] -> Np[sem=<?np1>] Conj[type=or] Np[sem=<?np2>, num=?n]	Np[sem=<(?np1 ∨ ?np2)>, num=?n] -> Np[sem=<?np1>] Conj[type=or] Np[sem=<?np2>, num=?n]
tiny.cfg	rule	Vp[num=?n, sem=<?v(?np)>] -> V[num=?n, sem=<?v>] Np[sem=<?np>]	Vp[num=?n, sem=<?v(?np)>] -> V[num=?n, sem=<?v>] Np[sem=<?np>]
tiny.cfg	lex	John	Np[num=sing, sem=<john>]	Np[num=sing, sem=<john>]
tiny.cfg	lex	Jim	Np[num=sing, sem=<jim>]	Np[num=sing, sem=<jim>]
tiny.cfg	lex	Mary	Np[num=sing, sem=<mary>]	Np[num=sing, sem=<mary>]
tiny.cfg	lex	Tina	Np[num=sing, sem=<tina>]	Np[num=sing, sem=<tina>]
tiny.cfg	lex	Chloe	Np[num=sing, sem=<chloe>]	Np[num=sing, sem=<chloe>]
tiny.cfg	lex	Sarah	Np[num=sing, sem=<sarah>]	Np[num=sing, sem=<sarah>]
tiny.cfg	lex	Sarah Beth	Np[num=sing, sem=<sarah_beth>]	Np[num=sing, sem=<sarah_beth>]
tiny.cfg	lex	dogs	Np[num=pl, sem=<∀.(dog(q:1))>]	Np[num=pl, sem=<∀.(dog(q:1))>]
tiny.cfg	lex	cats	Np[num=pl, sem=<∀.(cat(q:1))>]	Np[num=pl, sem=<∀.(cat(q:1))>]
tiny.cfg	lex	a dog	Np[num=pl, sem=<∃.(dog(q:1))>]	Np[num=pl, sem=<∃.(dog(q:1))>]
tiny.cfg	lex	a cat	Np[num=pl, sem=<∃.(cat(q:1))>]	Np[num=pl, sem=<∃.(cat(q:1))>]
tiny.cfg	lex	and	Conj[type=and]	Conj[type=and]
tiny.cfg	lex	or	Conj[type=or]	Conj[type=or]
tiny.cfg	lex	Joseph	Np[num=sing, sem=<joseph>]	Np[num=sing, sem=<joseph>]
tiny.cfg	lex	liked	V[sem=<λ.(λ.(like(v:1, v:2)))>]	V[sem=<λ.(λ.(like(v:1, v:2)))>]
tiny.cfg	lex	likes	V[sem=<λ.(λ.(like(v:1, v:2)))>, num=sing]	V[sem=<λ.(λ.(like(v:1, v:2)))>, num=sing]
tiny.cfg	lex	like	V[sem=<λ.(λ.(like(v:1, v:2)))>, num=pl]	V[sem=<λ.(λ.(like(v:1, v:2)))>, num=pl]
tiny2.cfg	rule	S[num=?n, sem=<?vp(?np)>] -> Np[sem=<?np>, num=?n] Vp[sem=<?vp>, num=?n]	S[num=?n, sem=<?vp(?np)>] -> Np[sem=<?np>, num=?n] Vp[sem=<?vp>, num=?n]
tiny2.cfg	rule	Np[sem=<(?np1 ∧ ?np2)>, num=pl] -> Np[sem=<?np1>] Conj[type=and] Np[sem=<?np2>]	Np[sem=<(?np1 ∧ ?np2)>, num=pl] -> Np[sem=<?np1>] Conj[type=and] Np[sem=<?np2>]
tiny2.cfg	rule	Np[sem=<(?np1 ∨ ?np2)>, num=?n] -> Np[sem=<?np1>] Conj[type=or] Np[sem=<?np2>, num=?n]	Np[sem=<(?np1 ∨ ?np2)>, num=?n] -> Np[sem=<?np1>] Conj[type=or] Np[sem=<?np2>, num=?n]
tiny2.cfg	rule	Vp[num=?n, sem=<?v(?np)>] -> V[num=?n, sem=<?v>] Np[sem=<?np>]	Vp[num=?n, sem=<?v(?np)>] -> V[num=?n, sem=<?v>] Np[sem=<?np>]
tiny2.cfg	lex	John	Np[num=sing, sem=<john>]	Np[num=sing, sem=<john>]
tiny2.cfg	lex	Jim	Np[num=sing, sem=<jim>]	Np[num=sing, sem=<jim>]
tiny2.cfg	lex	Mary	Np[num=sing, sem=<mary>]	Np[num=sing, sem=<mary>]
tiny2.cfg	lex	Tina	Np[num=sing, sem=<tina>]	Np[num=sing, sem=<tina>]
tiny2.cfg	lex	Chloe	Np[num=sing, sem=<chloe>]	Np[num=sing, sem=<chloe>]
tiny2.cfg	lex	Sarah	Np[num=sing, sem=<sarah>]	Np[num=sing, sem=<sarah>]
tiny2.cfg	lex	Joseph	Np[num=sing, sem=<joseph>]	Np[num=sing, sem=<joseph>]
tiny2.cfg	lex	Sarah Beth	Np[num=sing, sem=<sarah_beth>]	Np[num=sing, sem=<sarah_beth>]
tiny2.cfg	lex	dogs	Np[num=pl, sem=<∀.(dog(q:1))>]	Np[num=pl, sem=<∀.(dog(q:1))>]
tiny2.cfg	lex	cats	Np[num=pl, sem=<∀.(cat(q:1))>]	Np[num=pl, sem=<∀.(cat(q:1))>]
tiny2.cfg	lex	a dog	Np[num=pl, sem=<∃.(dog(q:1))>]	Np[num=pl, sem=<∃.(dog(q:1))>]
tiny2.cfg	lex	a cat	Np[num=pl, sem=<∃.(cat(q:1))>]	Np[num=pl, sem=<∃.(cat(q:1))>]
tiny2.cfg	lex	and	Conj[type=and]	Conj[type=and]
tiny2.cfg	lex	or	Conj[type=or]	Conj[type=or]
tiny2.cfg	lex	liked	V[sem=<λ.(λ.(like(v:1, v:2)))>]	V[sem=<λ.(λ.(like(v:1, v:2)))>]
tiny2.cfg	lex	likes	V[sem=<λ.(λ.(like(v:1, v:2)))>, num=sing]	V[sem=<λ.(λ.(like(v:1, v:2)))>, num=sing]
tiny2.cfg	lex	like	V[sem=<λ.(λ.(like(v:1, v:2)))>, num=pl]	V[sem=<λ.(λ.(like(v:1, v:2)))>, num=pl]
alternatives.fcfg	rule	S[sem=<?np(?vp)>] -> NP[sem=<?np>] VP[sem=<?vp>]	S[sem=<?np(?vp)>] -> NP[sem=<?np>] VP[sem=<?vp>]
alternatives.fcfg	rule	S[sem=<?np(?vp)>] -> VP[sem=<?vp>] NP[sem=<?np>]	S[sem=<?np(?vp)>] -> VP[sem=<?vp>] NP[sem=<?np>]
alternatives.fcfg	rule	VP[sem=<λ.((walk(v:1) ∧ talk(v:1)))>] -> VP[sem=<λ.(walk(v:1))>] "and"[] VP[sem=<λ.(talk(v:1))>]	VP[sem=<λ.((walk(v:1) ∧ talk(v:1)))>] -> VP[sem=<λ.(walk(v:1))>] "and"[] VP[sem=<λ.(talk(v:1))>]
alternatives.fcfg	lex	John	NP[sem=<λ.(v:1(john))>]	NP[sem=<λ.(v:1(john))>]
alternatives.fcfg	lex	Johnny	NP[sem=<λ.(v:1(john))>]	NP[sem=<λ.(v:1(john))>]
alternatives.fcfg	lex	Mary	NP[sem=<λ.(v:1(mary))>]	NP[sem=<λ.(v:1(mary))>]
alternatives.fcfg	lex	walks	VP[sem=<λ.(walk(v:1))>]	VP[sem=<λ.(walk(v:1))>]
alternatives.fcfg	lex	strolls	VP[sem=<λ.(walk(v:1))>]	VP[sem=<λ.(walk(v:1))>]
alternatives.fcfg	lex	and	"and"[]	"and"[]
alternatives.fcfg	lex	walktalks	VP[sem=<λ.((walk(v:1) ∧ talk(v:1)))>]	VP[sem=<λ.((walk(v:1) ∧ talk(v:1)))>]
alternatives.fcfg	lex	talks	VP[sem=<λ.(talk(v:1))>]	VP[sem=<λ.(talk(v:1))>]
alternatives.fcfg	lex	Mary Jane	NP[sem=<λ.(v:1(mary_jane))>]	NP[sem=<λ.(v:1(mary_jane))>]
