Det	Det	Det[]
Det	Nn	FAIL
Det[a=?z]	Det[a=sing]	Det[a=sing]
Np[a=?z]	Np[a=sing]	Np[a=sing]
X[a=?x, b=?x]	X[a=p, b=q]	FAIL
X[a=?x, b=?y]	X[a=p, b=q]	X[a=p, b=q]
X[a=?x, b=?x]	X[a=p, b=p]	X[a=p, b=p]
X[a=?x, b=?x]	X[a=[p, ?q], b=[?r, s]]	X[a=[p, s], b=[p, s]]
X[a=?x, b=?x]	X[a=[p, ?q], b=[r, s]]	FAIL
X[a=?x, b=?x, c=?y]	X[a=?y, b=sg, c=pl]	FAIL
X[a=?x, b=?x, c=?y]	X[a=?y, b=sg, c=?z]	X[a=sg, b=sg, c=sg]
X[a=?x, b=?x]	X[a=sg, b=?z]	X[a=sg, b=sg]
X[a=sg, b=?z]	X[a=?x, b=?x]	X[a=sg, b=sg]
X[a=?x, b=?x]	X[a=?y, b=?y]	X[a=?x0, b=?x0]
X[a=?x, b=?x]	X[a=?y, b=[?y]]	FAIL
X[a=?a, b=?b]	X[a=?x, b=?x]	X[a=?x0, b=?x0]
X[a=[?a, ?b]]	X[a=[?x, ?x]]	X[a=[?x0, ?x0]]
X[a=[?x, ?x]]	X[a=[?a, ?b]]	X[a=[?x0, ?x0]]
X[a=[a, b]]	X[a=[b, a]]	FAIL
X[a=[?y]]	X[a=[a, ?y]]	FAIL
X[a=[?y, b]]	X[a=[a, ?y]]	FAIL
X[a=[?x, b]]	X[a=[a, ?y]]	X[a=[a, b]]
X[a=p]	X[b=q]	X[a=p, b=q]
X[a=p, c=r]	X[b=q, c=r]	X[a=p, b=q, c=r]
X[a=p]	Y[a=p]	FAIL
N	N[]	N[]
X[sem=<?y>]	X[sem=<q>]	X[sem=<q>]
X[sem=<q>]	X[sem=<?x>]	X[sem=<q>]
X[sem=<q>]	X[sem=<r>]	FAIL
X[sem=<f(a)>]	X[sem=<f(a)>]	X[sem=<f(a)>]
X[a=?x, sem=<?x>]	X[a=p, sem=<q>]	FAIL
X[b=pl, sem=<?y>]	X[sem=<q>]	X[b=pl, sem=<q>]
X[a=[?a, ?b], sem=<?z>]	X[a=[?x, ?x], sem=<?z>]	X[a=[?x0, ?x0], sem=<?x1>]
S[f=?s, g=b]	S[f=a, g=?s]	FAIL
Y[f=u, g=?a]	Y[f=?a, g=v]	FAIL
X[a=?x]	X[a=?x]	X[a=?x0]
X[a=?x]	X[b=?x]	X[a=?x0, b=?x0]
Vp[num=?n,sem=<?v(?obj)>]	Vp[num=sg,sem=<\x . walk(x)>]	FAIL
X[sem=<?v(?obj)>]	X[sem=<\x . walk(x)>]	FAIL
